[    0.000000] Linux version 4.15.0-154-generic (buildd@lcy01-amd64-011) (gcc version 7.5.0 (Ubuntu 7.5.0-3ubuntu1~18.04)) #161-Ubuntu SMP Fri Jul 30 13:04:17 UTC 2021 (Ubuntu 4.15.0-154.161-generic 4.15.18)
[    0.000000] Command line: BOOT_IMAGE=/boot/vmlinuz-4.15.0-154-generic root=LABEL=cloudimg-rootfs ro console=tty1 console=ttyS0
[    0.000000] KERNEL supported cpus:
[    0.000000]   Intel GenuineIntel
[    0.000000]   AMD AuthenticAMD
[    0.000000]   Centaur CentaurHauls
[    0.000000] x86/fpu: Supporting XSAVE feature 0x001: 'x87 floating point registers'
[    0.000000] x86/fpu: Supporting XSAVE feature 0x002: 'SSE registers'
[    0.000000] x86/fpu: Supporting XSAVE feature 0x004: 'AVX registers'
[    0.000000] x86/fpu: xstate_offset[2]:  576, xstate_sizes[2]:  256
[    0.000000] x86/fpu: Enabled xstate features 0x7, context size is 832 bytes, using 'standard' format.
[    0.000000] e820: BIOS-provided physical RAM map:
[    0.000000] BIOS-e820: [mem 0x0000000000000000-0x000000000009fbff] usable
[    0.000000] BIOS-e820: [mem 0x000000000009fc00-0x000000000009ffff] reserved
[    0.000000] BIOS-e820: [mem 0x00000000000f0000-0x00000000000fffff] reserved
[    0.000000] BIOS-e820: [mem 0x0000000000100000-0x000000003ffeffff] usable
[    0.000000] BIOS-e820: [mem 0x000000003fff0000-0x000000003fffffff] ACPI data
[    0.000000] BIOS-e820: [mem 0x00000000fec00000-0x00000000fec00fff] reserved
[    0.000000] BIOS-e820: [mem 0x00000000fee00000-0x00000000fee00fff] reserved
[    0.000000] BIOS-e820: [mem 0x00000000fffc0000-0x00000000ffffffff] reserved
[    0.000000] NX (Execute Disable) protection: active
[    0.000000] SMBIOS 2.5 present.
[    0.000000] DMI: innotek GmbH VirtualBox/VirtualBox, BIOS VirtualBox 12/01/2006
[    0.000000] Hypervisor detected: KVM
[    0.000000] e820: last_pfn = 0x3fff0 max_arch_pfn = 0x400000000
[    0.000000] MTRR: Disabled
[    0.000000] x86/PAT: MTRRs disabled, skipping PAT initialization too.
[    0.000000] CPU MTRRs all blank - virtualized system.
[    0.000000] x86/PAT: Configuration [0-7]: WB  WT  UC- UC  WB  WT  UC- UC  
[    0.000000] found SMP MP-table at [mem 0x0009fff0-0x0009ffff]
[    0.000000] Scanning 1 areas for low memory corruption
[    0.000000] RAMDISK: [mem 0x359cf000-0x36cdefff]
[    0.000000] ACPI: Early table checksum verification disabled
[    0.000000] ACPI: RSDP 0x00000000000E0000 000024 (v02 VBOX  )
[    0.000000] ACPI: XSDT 0x000000003FFF0030 00003C (v01 VBOX   VBOXXSDT 00000001 ASL  00000061)
[    0.000000] ACPI: FACP 0x000000003FFF00F0 0000F4 (v04 VBOX   VBOXFACP 00000001 ASL  00000061)
[    0.000000] ACPI: DSDT 0x000000003FFF0470 002325 (v02 VBOX   VBOXBIOS 00000002 INTL 20100528)
[    0.000000] ACPI: FACS 0x000000003FFF0200 000040
[    0.000000] ACPI: FACS 0x000000003FFF0200 000040
[    0.000000] ACPI: APIC 0x000000003FFF0240 00005C (v02 VBOX   VBOXAPIC 00000001 ASL  00000061)
[    0.000000] ACPI: SSDT 0x000000003FFF02A0 0001CC (v01 VBOX   VBOXCPUT 00000002 INTL 20100528)
[    0.000000] ACPI: Reserving FACP table memory at [mem 0x3fff00f0-0x3fff01e3]
[    0.000000] ACPI: Reserving DSDT table memory at [mem 0x3fff0470-0x3fff2794]
[    0.000000] ACPI: Reserving FACS table memory at [mem 0x3fff0200-0x3fff023f]
[    0.000000] ACPI: Reserving FACS table memory at [mem 0x3fff0200-0x3fff023f]
[    0.000000] ACPI: Reserving APIC table memory at [mem 0x3fff0240-0x3fff029b]
[    0.000000] ACPI: Reserving SSDT table memory at [mem 0x3fff02a0-0x3fff046b]
[    0.000000] No NUMA configuration found
[    0.000000] Faking a node at [mem 0x0000000000000000-0x000000003ffeffff]
[    0.000000] NODE_DATA(0) allocated [mem 0x3ffc5000-0x3ffeffff]
[    0.000000] kvm-clock: cpu 0, msr 0:3ff44001, primary cpu clock
[    0.000000] kvm-clock: Using msrs 4b564d01 and 4b564d00
[    0.000000] kvm-clock: using sched offset of 4134061724 cycles
[    0.000000] clocksource: kvm-clock: mask: 0xffffffffffffffff max_cycles: 0x1cd42e4dffb, max_idle_ns: 881590591483 ns
[    0.000000] Zone ranges:
[    0.000000]   DMA      [mem 0x0000000000001000-0x0000000000ffffff]
[    0.000000]   DMA32    [mem 0x0000000001000000-0x000000003ffeffff]
[    0.000000]   Normal   empty
[    0.000000]   Device   empty
[    0.000000] Movable zone start for each node
[    0.000000] Early memory node ranges
[    0.000000]   node   0: [mem 0x0000000000001000-0x000000000009efff]
[    0.000000]   node   0: [mem 0x0000000000100000-0x000000003ffeffff]
[    0.000000] Reserved but unavailable: 104 pages
[    0.000000] Initmem setup node 0 [mem 0x0000000000001000-0x000000003ffeffff]
[    0.000000] ACPI: PM-Timer IO Port: 0x4008
[    0.000000] IOAPIC[0]: apic_id 2, version 32, address 0xfec00000, GSI 0-23
[    0.000000] ACPI: INT_SRC_OVR (bus 0 bus_irq 0 global_irq 2 dfl dfl)
[    0.000000] ACPI: INT_SRC_OVR (bus 0 bus_irq 9 global_irq 9 low level)
[    0.000000] Using ACPI (MADT) for SMP configuration information
[    0.000000] smpboot: Allowing 2 CPUs, 0 hotplug CPUs
[    0.000000] PM: Registered nosave memory: [mem 0x00000000-0x00000fff]
[    0.000000] PM: Registered nosave memory: [mem 0x0009f000-0x0009ffff]
[    0.000000] PM: Registered nosave memory: [mem 0x000a0000-0x000effff]
[    0.000000] PM: Registered nosave memory: [mem 0x000f0000-0x000fffff]
[    0.000000] e820: [mem 0x40000000-0xfebfffff] available for PCI devices
[    0.000000] Booting paravirtualized kernel on KVM
[    0.000000] clocksource: refined-jiffies: mask: 0xffffffff max_cycles: 0xffffffff, max_idle_ns: 7645519600211568 ns
[    0.000000] random: get_random_bytes called from start_kernel+0x99/0x500 with crng_init=0
[    0.000000] setup_percpu: NR_CPUS:8192 nr_cpumask_bits:2 nr_cpu_ids:2 nr_node_ids:1
[    0.000000] percpu: Embedded 45 pages/cpu s147456 r8192 d28672 u1048576
[    0.000000] PV qspinlock hash table entries: 256 (order: 0, 4096 bytes)
[    0.000000] Built 1 zonelists, mobility grouping on.  Total pages: 257913
[    0.000000] Policy zone: DMA32
[    0.000000] Kernel command line: BOOT_IMAGE=/boot/vmlinuz-4.15.0-154-generic root=LABEL=cloudimg-rootfs ro console=tty1 console=ttyS0
[    0.000000] Memory: 982716K/1048120K available (12300K kernel code, 2483K rwdata, 4320K rodata, 2448K init, 2724K bss, 65404K reserved, 0K cma-reserved)
[    0.000000] SLUB: HWalign=64, Order=0-3, MinObjects=0, CPUs=2, Nodes=1
[    0.000000] ftrace: allocating 39461 entries in 155 pages
[    0.004000] Hierarchical RCU implementation.
[    0.004000] 	RCU restricting CPUs from NR_CPUS=8192 to nr_cpu_ids=2.
[    0.004000] 	Tasks RCU enabled.
[    0.004000] RCU: Adjusting geometry for rcu_fanout_leaf=16, nr_cpu_ids=2
[    0.004000] NR_IRQS: 524544, nr_irqs: 440, preallocated irqs: 16
[    0.004000] Console: colour VGA+ 80x25
[    0.004000] console [tty1] enabled
[    0.004000] console [ttyS0] enabled
[    0.004000] ACPI: Core revision 20170831
[    0.004000] ACPI: 2 ACPI AML tables successfully acquired and loaded
[    0.004000] APIC: Switch to symmetric I/O mode setup
[    0.004000] x2apic enabled
[    0.004000] Switched APIC routing to physical x2apic.
[    0.004000] ..TIMER: vector=0x30 apic1=0 pin1=2 apic2=-1 pin2=-1
[    0.004006] tsc: Detected 1799.998 MHz processor
[    0.008014] Calibrating delay loop (skipped) preset value.. 3599.99 BogoMIPS (lpj=7199992)
[    0.010714] pid_max: default: 32768 minimum: 301
[    0.012058] Security Framework initialized
[    0.013241] Yama: becoming mindful.
[    0.014242] AppArmor: AppArmor initialized
[    0.019385] Dentry cache hash table entries: 131072 (order: 8, 1048576 bytes)
[    0.020079] Inode-cache hash table entries: 65536 (order: 7, 524288 bytes)
[    0.021546] Mount-cache hash table entries: 2048 (order: 2, 16384 bytes)
[    0.024011] Mountpoint-cache hash table entries: 2048 (order: 2, 16384 bytes)
[    0.025899] Last level iTLB entries: 4KB 64, 2MB 8, 4MB 8
[    0.027050] Last level dTLB entries: 4KB 64, 2MB 0, 4MB 0, 1GB 4
[    0.028007] Spectre V1 : Mitigation: usercopy/swapgs barriers and __user pointer sanitization
[    0.029778] Spectre V2 : Mitigation: Full generic retpoline
[    0.030952] Spectre V2 : Spectre v2 / SpectreRSB mitigation: Filling RSB on context switch
[    0.032004] Speculative Store Bypass: Vulnerable
[    0.033189] SRBDS: Unknown: Dependent on hypervisor status
[    0.034376] MDS: Mitigation: Clear CPU buffers
[    0.036231] Freeing SMP alternatives memory: 36K
[    0.148099] smpboot: CPU0: Intel(R) Core(TM) i5-8265U CPU @ 1.60GHz (family: 0x6, model: 0x8e, stepping: 0xb)
[    0.150511] Performance Events: unsupported p6 CPU model 142 no PMU driver, software events only.
[    0.152060] Hierarchical SRCU implementation.
[    0.154222] NMI watchdog: Perf event create on CPU 0 failed with -2
[    0.156006] NMI watchdog: Perf NMI watchdog permanently disabled
[    0.157889] smp: Bringing up secondary CPUs ...
[    0.160210] x86: Booting SMP configuration:
[    0.161473] .... node  #0, CPUs:      #1
[    0.004000] kvm-clock: cpu 1, msr 0:3ff44041, secondary cpu clock
[    0.164025] smp: Brought up 1 node, 2 CPUs
[    0.165148] smpboot: Max logical packages: 1
[    0.168013] smpboot: Total of 2 processors activated (7199.99 BogoMIPS)
[    0.169976] devtmpfs: initialized
[    0.169976] x86/mm: Memory block size: 128MB
[    0.172182] evm: security.selinux
[    0.173240] evm: security.SMACK64
[    0.174063] evm: security.SMACK64EXEC
[    0.174927] evm: security.SMACK64TRANSMUTE
[    0.176007] evm: security.SMACK64MMAP
[    0.176901] evm: security.apparmor
[    0.177763] evm: security.ima
[    0.178553] evm: security.capability
[    0.180112] clocksource: jiffies: mask: 0xffffffff max_cycles: 0xffffffff, max_idle_ns: 7645041785100000 ns
[    0.182911] futex hash table entries: 512 (order: 3, 32768 bytes)
[    0.184082] pinctrl core: initialized pinctrl subsystem
[    0.188122] RTC time:  7:35:44, date: 09/20/21
[    0.189621] NET: Registered protocol family 16
[    0.192104] audit: initializing netlink subsys (disabled)
[    0.193364] audit: type=2000 audit(1632123350.072:1): state=initialized audit_enabled=0 res=1
[    0.196017] cpuidle: using governor ladder
[    0.197054] cpuidle: using governor menu
[    0.198094] ACPI: bus type PCI registered
[    0.199103] acpiphp: ACPI Hot Plug PCI Controller Driver version: 0.5
[    0.200142] PCI: Using configuration type 1 for base access
[    0.204051] HugeTLB registered 2.00 MiB page size, pre-allocated 0 pages
[    0.205629] ACPI: Added _OSI(Module Device)
[    0.205629] ACPI: Added _OSI(Processor Device)
[    0.208008] ACPI: Added _OSI(3.0 _SCP Extensions)
[    0.209107] ACPI: Added _OSI(Processor Aggregator Device)
[    0.210427] ACPI: Added _OSI(Linux-Dell-Video)
[    0.211516] ACPI: Added _OSI(Linux-Lenovo-NV-HDMI-Audio)
[    0.212010] ACPI: Added _OSI(Linux-HPI-Hybrid-Graphics)
[    0.213734] ACPI: Executed 1 blocks of module-level executable AML code
[    0.221763] ACPI: Interpreter enabled
[    0.222709] ACPI: (supports S0 S5)
[    0.223535] ACPI: Using IOAPIC for interrupt routing
[    0.224356] PCI: Using host bridge windows from ACPI; if necessary, use "pci=nocrs" and report a bug
[    0.226582] ACPI: Enabled 2 GPEs in block 00 to 07
[    0.236969] ACPI: PCI Root Bridge [PCI0] (domain 0000 [bus 00-ff])
[    0.238402] acpi PNP0A03:00: _OSC: OS supports [ASPM ClockPM Segments MSI]
[    0.240000] acpi PNP0A03:00: _OSC: not requesting OS control; OS requires [ExtendedConfig ASPM ClockPM MSI]
[    0.240026] acpi PNP0A03:00: fail to add MMCONFIG information, can't access extended PCI configuration space under this bridge.
[    0.244582] PCI host bridge to bus 0000:00
[    0.245592] pci_bus 0000:00: root bus resource [io  0x0000-0x0cf7 window]
[    0.248005] pci_bus 0000:00: root bus resource [io  0x0d00-0xffff window]
[    0.249638] pci_bus 0000:00: root bus resource [mem 0x000a0000-0x000bffff window]
[    0.252008] pci_bus 0000:00: root bus resource [mem 0x40000000-0xfdffffff window]
[    0.255062] pci_bus 0000:00: root bus resource [bus 00-ff]
[    0.258571] pci 0000:00:01.1: legacy IDE quirk: reg 0x10: [io  0x01f0-0x01f7]
[    0.260007] pci 0000:00:01.1: legacy IDE quirk: reg 0x14: [io  0x03f6]
[    0.261940] pci 0000:00:01.1: legacy IDE quirk: reg 0x18: [io  0x0170-0x0177]
[    0.264006] pci 0000:00:01.1: legacy IDE quirk: reg 0x1c: [io  0x0376]
[    0.284306] pci 0000:00:07.0: quirk: [io  0x4000-0x403f] claimed by PIIX4 ACPI
[    0.286040] pci 0000:00:07.0: quirk: [io  0x4100-0x410f] claimed by PIIX4 SMB
[    0.300170] ACPI: PCI Interrupt Link [LNKA] (IRQs 5 9 10 *11)
[    0.302336] ACPI: PCI Interrupt Link [LNKB] (IRQs 5 9 *10 11)
[    0.304179] ACPI: PCI Interrupt Link [LNKC] (IRQs 5 *9 10 11)
[    0.305725] ACPI: PCI Interrupt Link [LNKD] (IRQs 5 9 10 *11)
[    0.307521] SCSI subsystem initialized
[    0.308058] pci 0000:00:02.0: vgaarb: setting as boot VGA device
[    0.309488] pci 0000:00:02.0: vgaarb: VGA device added: decodes=io+mem,owns=io+mem,locks=none
[    0.312019] pci 0000:00:02.0: vgaarb: bridge control possible
[    0.313538] vgaarb: loaded
[    0.314310] ACPI: bus type USB registered
[    0.316037] usbcore: registered new interface driver usbfs
[    0.317318] usbcore: registered new interface driver hub
[    0.318657] usbcore: registered new device driver usb
[    0.320078] EDAC MC: Ver: 3.0.0
[    0.321298] PCI: Using ACPI for IRQ routing
[    0.321548] NetLabel: Initializing
[    0.324012] NetLabel:  domain hash size = 128
[    0.325166] NetLabel:  protocols = UNLABELED CIPSOv4 CALIPSO
[    0.326479] NetLabel:  unlabeled traffic allowed by default
[    0.328146] clocksource: Switched to clocksource kvm-clock
[    0.352079] VFS: Disk quotas dquot_6.6.0
[    0.353148] VFS: Dquot-cache hash table entries: 512 (order 0, 4096 bytes)
[    0.354875] AppArmor: AppArmor Filesystem Enabled
[    0.356048] pnp: PnP ACPI init
[    0.358360] pnp: PnP ACPI: found 3 devices
[    0.370304] clocksource: acpi_pm: mask: 0xffffff max_cycles: 0xffffff, max_idle_ns: 2085701024 ns
[    0.372982] NET: Registered protocol family 2
[    0.374400] TCP established hash table entries: 8192 (order: 4, 65536 bytes)
[    0.376028] TCP bind hash table entries: 8192 (order: 5, 131072 bytes)
[    0.380940] TCP: Hash tables configured (established 8192 bind 8192)
[    0.382691] UDP hash table entries: 512 (order: 2, 16384 bytes)
[    0.384054] UDP-Lite hash table entries: 512 (order: 2, 16384 bytes)
[    0.385498] NET: Registered protocol family 1
[    0.386535] pci 0000:00:00.0: Limiting direct PCI/PCI transfers
[    0.387939] pci 0000:00:01.0: Activating ISA DMA hang workarounds
[    0.389430] pci 0000:00:02.0: Video device with shadowed ROM at [mem 0x000c0000-0x000dffff]
[    0.391546] Unpacking initramfs...
[    0.772959] Freeing initrd memory: 19520K
[    0.783801] clocksource: tsc: mask: 0xffffffffffffffff max_cycles: 0x19f227af07c, max_idle_ns: 440795246167 ns
[    0.787186] platform rtc_cmos: registered platform RTC device (no PNP device found)
[    0.789265] Scanning for low memory corruption every 60 seconds
[    0.791739] Initialise system trusted keyrings
[    0.792891] Key type blacklist registered
[    0.794119] workingset: timestamp_bits=36 max_order=18 bucket_order=0
[    0.796912] zbud: loaded
[    0.798275] squashfs: version 4.0 (2009/01/31) Phillip Lougher
[    0.799973] fuse init (API version 7.26)
[    0.805358] Key type asymmetric registered
[    0.806327] Asymmetric key parser 'x509' registered
[    0.807500] Block layer SCSI generic (bsg) driver version 0.4 loaded (major 246)
[    0.809445] io scheduler noop registered
[    0.810384] io scheduler deadline registered
[    0.811524] io scheduler cfq registered (default)
[    0.813098] ACPI: AC Adapter [AC] (on-line)
[    0.814275] input: Power Button as /devices/LNXSYSTM:00/LNXPWRBN:00/input/input0
[    0.815990] ACPI: Power Button [PWRF]
[    0.817059] input: Sleep Button as /devices/LNXSYSTM:00/LNXSLPBN:00/input/input1
[    0.818855] ACPI: Sleep Button [SLPF]
[    0.820221] Serial: 8250/16550 driver, 32 ports, IRQ sharing enabled
[    0.821233] ACPI: Battery Slot [BAT0] (battery present)
[    0.843691] 00:02: ttyS0 at I/O 0x3f8 (irq = 4, base_baud = 115200) is a 16550A
[    0.847052] Linux agpgart interface v0.103
[    0.849484] loop: module loaded
[    0.851259] scsi host0: ata_piix
[    0.852439] scsi host1: ata_piix
[    0.853389] ata1: PATA max UDMA/33 cmd 0x1f0 ctl 0x3f6 bmdma 0xd000 irq 14
[    0.854934] ata2: PATA max UDMA/33 cmd 0x170 ctl 0x376 bmdma 0xd008 irq 15
[    0.856891] libphy: Fixed MDIO Bus: probed
[    0.857904] tun: Universal TUN/TAP device driver, 1.6
[    0.859397] PPP generic driver version 2.4.2
[    0.860704] ehci_hcd: USB 2.0 'Enhanced' Host Controller (EHCI) Driver
[    0.862235] ehci-pci: EHCI PCI platform driver
[    0.863293] ehci-platform: EHCI generic platform driver
[    0.864554] ohci_hcd: USB 1.1 'Open' Host Controller (OHCI) Driver
[    0.865918] ohci-pci: OHCI PCI platform driver
[    0.866973] ohci-platform: OHCI generic platform driver
[    0.868176] uhci_hcd: USB Universal Host Controller Interface driver
[    0.869686] i8042: PNP: PS/2 Controller [PNP0303:PS2K,PNP0f03:PS2M] at 0x60,0x64 irq 1,12
[    0.872185] serio: i8042 KBD port at 0x60,0x64 irq 1
[    0.873455] serio: i8042 AUX port at 0x60,0x64 irq 12
[    0.875008] mousedev: PS/2 mouse device common for all mice
[    0.877275] rtc_cmos rtc_cmos: rtc core: registered rtc_cmos as rtc0
[    0.878853] rtc_cmos rtc_cmos: alarms up to one day, 114 bytes nvram
[    0.880396] input: AT Translated Set 2 keyboard as /devices/platform/i8042/serio0/input/input2
[    0.882519] i2c /dev entries driver
[    0.883694] device-mapper: uevent: version 1.0.3
[    0.884991] device-mapper: ioctl: 4.37.0-ioctl (2017-09-20) initialised: dm-devel@redhat.com
[    0.887076] ledtrig-cpu: registered to indicate activity on CPUs
[    0.889360] NET: Registered protocol family 10
[    0.894969] Segment Routing with IPv6
[    0.895953] NET: Registered protocol family 17
[    0.897191] Key type dns_resolver registered
[    0.898638] mce: Using 0 MCE banks
[    0.899528] RAS: Correctable Errors collector initialized.
[    0.900865] sched_clock: Marking stable (900837237, 0)->(1111269910, -210432673)
[    0.903539] registered taskstats version 1
[    0.904640] Loading compiled-in X.509 certificates
[    0.908611] Loaded X.509 cert 'Build time autogenerated kernel key: 369b16149153afe509b010c5493c788cd1d7da9f'
[    0.911434] Loaded X.509 cert 'Canonical Ltd. Live Patch Signing: 14df34d1a87cf37625abec039ef2bf521249b969'
[    0.914362] Loaded X.509 cert 'Canonical Ltd. Kernel Module Signing: 88f752e560a1e0737e31163a466ad7b70a850c19'
[    0.916929] zswap: loaded using pool lzo/zbud
[    0.922637] Key type big_key registered
[    0.923602] Key type trusted registered
[    0.926454] Key type encrypted registered
[    0.927469] AppArmor: AppArmor sha1 policy hashing enabled
[    0.928811] ima: No TPM chip found, activating TPM-bypass! (rc=-19)
[    0.930309] ima: Allocated hash algorithm: sha1
[    0.931371] evm: HMAC attrs: 0x1
[    0.932560]   Magic number: 5:292:572
[    0.933686] rtc_cmos rtc_cmos: setting system clock to 2021-09-20 07:35:45 UTC (1632123345)
[    0.936173] BIOS EDD facility v0.16 2004-Jun-25, 0 devices found
[    0.937649] EDD information not available.
[    1.043968] Freeing unused kernel image memory: 2448K
[    1.053173] Write protecting the kernel read-only data: 20480k
[    1.055215] Freeing unused kernel image memory: 2008K
[    1.056717] Freeing unused kernel image memory: 1824K
[    1.067718] x86/mm: Checked W+X mappings: passed, no W+X pages found.
Loading, please wait...
starting version 237
[    1.147614] e1000: Intel(R) PRO/1000 Network Driver - version 7.3.21-k8-NAPI
[    1.149173] e1000: Copyright (c) 1999-2006 Intel Corporation.
[    1.152708] Fusion MPT base driver 3.04.20
[    1.153691] Copyright (c) 1999-2008 LSI Corporation
[    1.182750] Fusion MPT SPI Host driver 3.04.20
[    1.186632] AVX2 version of gcm_enc/dec engaged.
[    1.187734] AES CTR mode by8 optimization enabled
[    1.365864] input: ImExPS/2 Generic Explorer Mouse as /devices/platform/i8042/serio1/input/input4
[    1.590259] e1000 0000:00:03.0 eth0: (PCI:33MHz:32-bit) 02:3b:61:a9:eb:70
[    1.591834] e1000 0000:00:03.0 eth0: Intel(R) PRO/1000 Network Connection
[    1.594526] mptbase: ioc0: Initiating bringup
[    1.689200] ioc0: LSI53C1030 A0: Capabilities={Initiator}
[    1.932141] scsi host2: ioc0: LSI53C1030 A0, FwRev=00000000h, Ports=1, MaxQ=256, IRQ=20
[    2.100676] scsi 2:0:0:0: Direct-Access     VBOX     HARDDISK         1.0  PQ: 0 ANSI: 5
[    2.132188] scsi target2:0:0: Beginning Domain Validation
[    2.162893] scsi target2:0:0: Domain Validation skipping write tests
[    2.164063] scsi target2:0:0: Ending Domain Validation
[    2.165299] scsi target2:0:0: asynchronous
[    2.188614] scsi 2:0:1:0: Direct-Access     VBOX     HARDDISK         1.0  PQ: 0 ANSI: 5
[    2.230396] scsi target2:0:1: Beginning Domain Validation
[    2.241645] random: fast init done
[    2.243193] scsi target2:0:1: Domain Validation skipping write tests
[    2.244400] scsi target2:0:1: Ending Domain Validation
[    2.245845] scsi target2:0:1: asynchronous
[    2.253003] random: systemd-udevd: uninitialized urandom read (16 bytes read)
[    2.254363] random: systemd-udevd: uninitialized urandom read (16 bytes read)
[    2.255739] random: systemd-udevd: uninitialized urandom read (16 bytes read)
[    2.257466] sd 2:0:0:0: Attached scsi generic sg0 type 0
[    2.258562] sd 2:0:0:0: [sda] 83886080 512-byte logical blocks: (42.9 GB/40.0 GiB)
[    2.260129] sd 2:0:0:0: [sda] Write Protect is off
[    2.261408] sd 2:0:0:0: [sda] Incomplete mode parameter data
[    2.262642] sd 2:0:0:0: [sda] Assuming drive cache: write through
[    2.264889] sd 2:0:1:0: Attached scsi generic sg1 type 0
[    2.266010] sd 2:0:1:0: [sdb] 20480 512-byte logical blocks: (10.5 MB/10.0 MiB)
[    2.267531] sd 2:0:1:0: [sdb] Write Protect is off
[    2.268706] sd 2:0:1:0: [sdb] Incomplete mode parameter data
[    2.269833] sd 2:0:1:0: [sdb] Assuming drive cache: write through
[    2.273706]  sda: sda1
[    2.275106] sd 2:0:0:0: [sda] Attached SCSI disk
[    2.279536] sd 2:0:1:0: [sdb] Attached SCSI disk
[    2.506940] e1000 0000:00:08.0 eth1: (PCI:33MHz:32-bit) 08:00:27:2d:23:c8
[    2.508694] e1000 0000:00:08.0 eth1: Intel(R) PRO/1000 Network Connection
[    2.511671] e1000 0000:00:08.0 enp0s8: renamed from eth1
[    2.528542] e1000 0000:00:03.0 enp0s3: renamed from eth0
Begin: Loading essential drivers ... [    4.317998] raid6: sse2x1   gen()  5051 MB/s
[    4.364651] raid6: sse2x1   xor()  5895 MB/s
[    4.412109] raid6: sse2x2   gen()  9710 MB/s
[    4.460060] raid6: sse2x2   xor()  4301 MB/s
[    4.508033] raid6: sse2x4   gen() 11462 MB/s
[    4.556041] raid6: sse2x4   xor()  6692 MB/s
[    4.604860] raid6: avx2x1   gen() 14098 MB/s
[    4.652364] raid6: avx2x1   xor() 10612 MB/s
[    4.700362] raid6: avx2x2   gen() 13823 MB/s
[    4.748106] raid6: avx2x2   xor()  8594 MB/s
[    4.796235] raid6: avx2x4   gen() 18747 MB/s
[    4.844778] raid6: avx2x4   xor() 13485 MB/s
[    4.846015] raid6: using algorithm avx2x4 gen() 18747 MB/s
[    4.847671] raid6: .... xor() 13485 MB/s, rmw enabled
[    4.848993] raid6: using avx2x2 recovery algorithm
[    4.851491] xor: automatically using best checksumming function   avx       
[    4.854635] async_tx: api initialized (async)
done.
Begin: Running /scripts/init-premount ... done.
Begin: Mounting root file system ... Begin: Running /scripts/local-top ... done.
Begin: Running /scripts/local-premount ... [    4.918327] Btrfs loaded, crc32c=crc32c-intel
Scanning for Btrfs filesystems
done.
Warning: fsck not present, so skipping root file system
[    4.973024] EXT4-fs (sda1): INFO: recovery required on readonly filesystem
[    4.974811] EXT4-fs (sda1): write access will be enabled during recovery
[    5.114056] EXT4-fs (sda1): orphan cleanup on readonly fs
[    5.118662] EXT4-fs (sda1): 9 orphan inodes deleted
[    5.119905] EXT4-fs (sda1): recovery complete
[    5.128126] EXT4-fs (sda1): mounted filesystem with ordered data mode. Opts: (null)
done.
Begin: Running /scripts/local-bottom ... done.
Begin: Running /scripts/init-bottom ... done.
[    5.322720] ip_tables: (C) 2000-2006 Netfilter Core Team
[    5.333809] systemd[1]: systemd 237 running in system mode. (+PAM +AUDIT +SELINUX +IMA +APPARMOR +SMACK +SYSVINIT +UTMP +LIBCRYPTSETUP +GCRYPT +GNUTLS +ACL +XZ +LZ4 +SECCOMP +BLKID +ELFUTILS +KMOD -IDN2 +IDN -PCRE2 default-hierarchy=hybrid)
[    5.338429] systemd[1]: Detected virtualization oracle.
[    5.339645] systemd[1]: Detected architecture x86-64.

Welcome to [1mUbuntu 18.04.5 LTS[0m!

[    5.347293] systemd[1]: Set hostname to <ubuntu-bionic>.
[    5.653106] systemd[1]: Reached target Swap.
[[0;32m  OK  [0m] Reached target Swap.
[    5.654592] systemd[1]: Reached target System Time Synchronized.
[[0;32m  OK  [0m] Reached target System Time Synchronized.
[    5.670501] systemd[1]: Created slice User and Session Slice.
[[0;32m  OK  [0m] Created slice User and Session Slice.
[    5.672885] systemd[1]: Created slice System Slice.
[[0;32m  OK  [0m] Created slice System Slice.
[    5.674730] systemd[1]: Listening on Journal Socket.
[[0;32m  OK  [0m] Listening on Journal Socket.
[    5.678395] systemd[1]: Starting Load Kernel Modules...
         Starting Load Kernel Modules...
[[0;32m  OK  [0m] Listening on udev Control Socket.
[[0;32m  OK  [0m] Listening on LVM2 metadata daemon socket.
[[0;32m  OK  [0m] Listening on Syslog Socket.
[    5.694094] Loading iSCSI transport class v2.0-870.
[[0;32m  OK  [0m] Listening on Device-mapper event daemon FIFOs.
[    5.701648] iscsi: registered transport (tcp)
         Starting Monitoring of LVM2 mirrorsâ€¦ng dmeventd or progress polling...
[[0;32m  OK  [0m] Listening on Journal Audit Socket.
[[0;32m  OK  [0m] Listening on Journal Socket (/dev/log).
         Starting Journal Service...
[[0;32m  OK  [0m] Listening on LVM2 poll daemon socket.
         Mounting Kernel Debug File System...
[[0;32m  OK  [0m] Listening on udev Kernel Socket.
         Starting udev Coldplug all Devices...
[[0;32m  OK  [0m] Created slice system-serial\x2dgetty.slice.
[[0;32m  OK  [0m] Started Forward Password Requests to Wall Directory Watch.
[[0;32m  OK  [0m] Reached target User and Group Name Lookups.
         Mounting Huge Pages File System...
         Starting Uncomplicated firewall...
[[0;32m  OK  [0m] Reached target Slices.
[[0;32m  OK  [0m] Listening on fsck to fsckd communication Socket.
         Starting File System Check on Root Device...
         Mounting POSIX Message Queue File System...
         Starting Create list of required stâ€¦ce nodes for the current kernel...
[[0;32m  OK  [0m] Listening on /dev/initctl Compatibility Named Pipe.
[[0;32m  OK  [0m] Listening on Network Service Netlink Socket.
[[0;32m  OK  [0m] Set up automount Arbitrary Executabâ€¦rmats File System Automount Point.
[    5.789337] iscsi: registered transport (iser)
         Starting Set the console keyboard layout...
[[0;32m  OK  [0m] Started Journal Service.
[[0;32m  OK  [0m] Started Load Kernel Modules.
[[0;32m  OK  [0m] Mounted Kernel Debug File System.
[[0;32m  OK  [0m] Mounted Huge Pages File System.
[[0;32m  OK  [0m] Started Uncomplicated firewall.
[[0;32m  OK  [0m] Mounted POSIX Message Queue File System.
[[0;32m  OK  [0m] Started Create list of required staâ€¦vice nodes for the current kernel.
[[0;32m  OK  [0m] Started File System Check Daemon to report status.
         Starting Create Static Device Nodes in /dev...
         Mounting FUSE Control File System...
         Starting Apply Kernel Variables...
         Mounting Kernel Configuration File System...
[[0;32m  OK  [0m] Mounted FUSE Control File System.
[[0;32m  OK  [0m] Mounted Kernel Configuration File System.
[[0;32m  OK  [0m] Started udev Coldplug all Devices.
[[0;32m  OK  [0m] Started LVM2 metadata daemon.
[[0;32m  OK  [0m] Started Create Static Device Nodes in /dev.
[[0;32m  OK  [0m] Started File System Check on Root Device.
         Starting Remount Root and Kernel File Systems...
[[0;32m  OK  [0m] Started Apply Kernel Variables.
[[0;32m  OK  [0m] Started Monitoring of LVM2 mirrors,â€¦sing dmeventd or progress polling.
[[0;32m  OK  [0m] Started Remount Root and Kernel File Systems.
         Starting Flush Journal to Persistent Storage...
         Starting Load/Save Random Seed...
         Starting udev Kernel Device Manager...
[[0;32m  OK  [0m] Started Load/Save Random Seed.
[[0;32m  OK  [0m] Started udev Kernel Device Manager.
[[0;32m  OK  [0m] Started Flush Journal to Persistent Storage.
[[0;32m  OK  [0m] Started Set the console keyboard layout.
[[0;32m  OK  [0m] Reached target Local File Systems (Pre).
[[0;32m  OK  [0m] Reached target Local File Systems.
         Starting Tell Plymouth To Write Out Runtime Data...
         Starting AppArmor initialization...
         Starting Set console font and keymap...
         Starting ebtables ruleset management...
[[0;32m  OK  [0m] Started Dispatch Password Requests to Console Directory Watch.
[[0;32m  OK  [0m] Reached target Local Encrypted Volumes.
         Starting Create Volatile Files and Directories...
[[0;32m  OK  [0m] Started Tell Plymouth To Write Out Runtime Data.
[[0;32m  OK  [0m] Started Set console font and keymap.
[[0;32m  OK  [0m] Started Create Volatile Files and Directories.
         Starting Update UTMP about System Boot/Shutdown...
[[0;32m  OK  [0m] Started Update UTMP about System Boot/Shutdown.
[[0;32m  OK  [0m] Started ebtables ruleset management.
[[0;32m  OK  [0m] Found device /dev/ttyS0.
[[0;32m  OK  [0m] Started AppArmor initialization.
         Starting Initial cloud-init job (pre-networking)...
         Starting Load AppArmor profiles managed internally by snapd...
[[0;32m  OK  [0m] Started Load AppArmor profiles managed internally by snapd.
[[0;32m  OK  [0m] Listening on Load/Save RF Kill Switch Status /dev/rfkill Watch.
[    7.880301] cloud-init[549]: Cloud-init v. 21.2-3-g899bfaa9-0ubuntu2~18.04.1 running 'init-local' at Mon, 20 Sep 2021 07:35:52 +0000. Up 7.64 seconds.
[[0;32m  OK  [0m] Started Initial cloud-init job (pre-networking).
[[0;32m  OK  [0m] Reached target Network (Pre).
         Starting Network Service...
[[0;32m  OK  [0m] Started Network Service.
         Starting Wait for Network to be Configured...
         Starting Network Name Resolution...
[[0;32m  OK  [0m] Started Network Name Resolution.
[[0;32m  OK  [0m] Reached target Network.
[[0;32m  OK  [0m] Reached target Host and Network Name Lookups.
[[0;32m  OK  [0m] Started Wait for Network to be Configured.
         Starting Initial cloud-init job (metadata service crawler)...
[    9.922763] cloud-init[675]: Cloud-init v. 21.2-3-g899bfaa9-0ubuntu2~18.04.1 running 'init' at Mon, 20 Sep 2021 07:35:54 +0000. Up 9.71 seconds.
[    9.924844] cloud-init[675]: ci-info: ++++++++++++++++++++++++++++++++++++++Net device info+++++++++++++++++++++++++++++++++++++++
[    9.926644] cloud-init[675]: ci-info: +--------+------+-----------------------------+---------------+--------+-------------------+
[    9.928523] cloud-init[675]: ci-info: | Device |  Up  |           Address           |      Mask     | Scope  |     Hw-Address    |
[    9.929576] cloud-init[675]: ci-info: +--------+------+-----------------------------+---------------+--------+-------------------+
[    9.944440] cloud-init[675]: ci-info: | enp0s3 | True |          10.0.2.15          | 255.255.255.0 | global | 02:3b:61:a9:eb:70 |
[    9.956387] cloud-init[675]: ci-info: | enp0s3 | True |  fe80::3b:61ff:fea9:eb70/64 |       .       |  link  | 02:3b:61:a9:eb:70 |
[    9.957412] cloud-init[675]: ci-info: | enp0s8 | True |        192.168.33.10        | 255.255.255.0 | global | 08:00:27:2d:23:c8 |
[    9.968185] cloud-init[675]: ci-info: | enp0s8 | True | fe80::a00:27ff:fe2d:23c8/64 |       .       |  link  | 08:00:27:2d:23:c8 |
[    9.969429] cloud-init[675]: ci-info: |   lo   | True |          127.0.0.1          |   255.0.0.0   |  host  |         .         |
[    9.970671] cloud-init[675]: ci-info: |   lo   | True |           ::1/128           |       .       |  host  |         .         |
[    9.972027] cloud-init[675]: ci-info: +--------+------+-----------------------------+---------------+--------+-------------------+
[    9.973239] cloud-init[675]: ci-info: +++++++++++++++++++++++++++++Route IPv4 info+++++++++++++++++++++++++++++
[    9.974359] cloud-init[675]: ci-info: +-------+--------------+----------+-----------------+-----------+-------+
[    9.975848] cloud-init[675]: ci-info: | Route | Destination  | Gateway  |     Genmask     | Interface | Flags |
[    9.980648] cloud-init[675]: ci-info: +-------+--------------+----------+-----------------+-----------+-------+
[    9.981786] cloud-init[675]: ci-info: |   0   |   0.0.0.0    | 10.0.2.2 |     0.0.0.0     |   enp0s3  |   UG  |
[    9.983041] cloud-init[675]: ci-info: |   1   |   10.0.2.0   | 0.0.0.0  |  255.255.255.0  |   enp0s3  |   U   |
[    9.983994] cloud-init[675]: ci-info: |   2   |   10.0.2.2   | 0.0.0.0  | 255.255.255.255 |   enp0s3  |   UH  |
[    9.985159] cloud-init[675]: ci-info: |   3   | 192.168.33.0 | 0.0.0.0  |  255.255.255.0  |   enp0s8  |   U   |
[    9.986650] cloud-init[675]: ci-info: +-------+--------------+----------+-----------------+-----------+-------+
[    9.987621] cloud-init[675]: ci-info: +++++++++++++++++++Route IPv6 info+++++++++++++++++++
[    9.988394] cloud-init[675]: ci-info: +-------+-------------+---------+-----------+-------+
[    9.989464] cloud-init[675]: ci-info: | Route | Destination | Gateway | Interface | Flags |
[   10.000357] cloud-init[675]: ci-info: +-------+-------------+---------+-----------+-------+
[   10.016533] cloud-init[675]: ci-info: |   1   |  fe80::/64  |    ::   |   enp0s3  |   U   |
[   10.032896] cloud-init[675]: ci-info: |   2   |  fe80::/64  |    ::   |   enp0s8  |   U   |
[   10.044656] cloud-init[675]: ci-info: |   4   |    local    |    ::   |   enp0s3  |   U   |
[   10.056269] cloud-init[675]: ci-info: |   5   |    local    |    ::   |   enp0s8  |   U   |
[   10.069020] cloud-init[675]: ci-info: |   6   |   ff00::/8  |    ::   |   enp0s3  |   U   |
[   10.069821] cloud-init[675]: ci-info: |   7   |   ff00::/8  |    ::   |   enp0s8  |   U   |
[   10.070574] cloud-init[675]: ci-info: +-------+-------------+---------+-----------+-------+
[[0;32m  OK  [0m] Started Initial cloud-init job (metadata service crawler).
[[0;32m  OK  [0m] Reached target System Initialization.
[[0;32m  OK  [0m] Started Discard unused blocks once a week.
[[0;32m  OK  [0m] Started Daily apt download activities.
         Starting Socket activation for snappy daemon.
[[0;32m  OK  [0m] Listening on D-Bus System Message Bus Socket.
[[0;32m  OK  [0m] Listening on Open-iSCSI iscsid Socket.
[[0;32m  OK  [0m] Started ACPI Events Check.
[[0;32m  OK  [0m] Reached target Paths.
[[0;32m  OK  [0m] Listening on UUID daemon activation socket.
[[0;32m  OK  [0m] Started Daily apt upgrade and clean activities.
         Starting LXD - unix socket.
[[0;32m  OK  [0m] Listening on ACPID Listen Socket.
[[0;32m  OK  [0m] Started Ubuntu Advantage update messaging.
[[0;32m  OK  [0m] Started Message of the Day.
[[0;32m  OK  [0m] Started Daily Cleanup of Temporary Directories.
[[0;32m  OK  [0m] Started Clean PHP session files every 30 mins.
[[0;32m  OK  [0m] Reached target Timers.
[[0;32m  OK  [0m] Reached target Cloud-config availability.
[[0;32m  OK  [0m] Reached target Network is Online.
         Starting Availability of block devices...
[[0;32m  OK  [0m] Reached target Remote File Systems (Pre).
         Mounting /var/www/html...
         Mounting /vagrant...
[[0;32m  OK  [0m] Listening on Socket activation for snappy daemon.
[[0;32m  OK  [0m] Listening on LXD - unix socket.
[[0;32m  OK  [0m] Started Availability of block devices.
[[0;32m  OK  [0m] Reached target Sockets.
[[0;32m  OK  [0m] Reached target Basic System.
         Starting System Logging Service...
         Starting Virtualbox guest utils...
[[0;32m  OK  [0m] Started Deferred execution scheduler.
         Starting Login Service...
[[0;32m  OK  [0m] Started D-Bus System Message Bus.
         Starting Clean php session files...
         Starting LSB: Record successful boot for GRUB...
[[0;32m  OK  [0m] Started irqbalance daemon.
         Starting Discard unused blocks...
         Starting MySQL Community Server...
[[0;32m  OK  [0m] Started FUSE filesystem for LXC.
         Starting Ubuntu Advantage APT and MOTD Messages...
         Starting Dispatcher daemon for systemd-networkd...
[[0;32m  OK  [0m] Started Regular background program processing daemon.
         Starting Accounts Service...
         Starting Snap Daemon...
         Starting LXD - container startup/shutdown...
         Starting OpenBSD Secure Shell server...
         Starting Message of the Day...
[[0;32m  OK  [0m] Started System Logging Service.
[[0;32m  OK  [0m] Mounted /var/www/html.
[[0;32m  OK  [0m] Mounted /vagrant.
[[0;32m  OK  [0m] Started Discard unused blocks.
[[0;32m  OK  [0m] Started Login Service.
[[0;32m  OK  [0m] Started Unattended Upgrades Shutdown.
[[0;32m  OK  [0m] Reached target Remote File Systems.
         Starting Permit User Sessions...
         Starting The Apache HTTP Server...
         Starting LSB: automatic crash report generation...
         Starting Authorization Manager...
[[0;32m  OK  [0m] Started Permit User Sessions.
         Starting Hold until boot process finishes up...
         Starting Terminate Plymouth Boot Screen...
[[0;32m  OK  [0m] Started Hold until boot process finishes up.
[[0;32m  OK  [0m] Started Terminate Plymouth Boot Screen.
[[0;32m  OK  [0m] Started Serial Getty on ttyS0.
         Starting Set console scheme...
[[0;32m  OK  [0m] Started LSB: Record successful boot for GRUB.
[[0;32m  OK  [0m] Started OpenBSD Secure Shell server.
[[0;32m  OK  [0m] Started Set console scheme.
[[0;32m  OK  [0m] Created slice system-getty.slice.
[[0;32m  OK  [0m] Started Getty on tty1.
[[0;32m  OK  [0m] Reached target Login Prompts.
[[0;32m  OK  [0m] Started Authorization Manager.
[[0;32m  OK  [0m] Started Accounts Service.
[[0;32m  OK  [0m] Started LSB: automatic crash report generation.
[[0;32m  OK  [0m] Started LXD - container startup/shutdown.
[[0;32m  OK  [0m] Started Virtualbox guest utils.
[[0;32m  OK  [0m] Started Dispatcher daemon for systemd-networkd.
[[0;32m  OK  [0m] Created slice User Slice of vagrant.
         Starting User Manager for UID 1000...
[[0;32m  OK  [0m] Started Clean php session files.
[[0;32m  OK  [0m] Started Session 1 of user vagrant.
[[0;32m  OK  [0m] Started The Apache HTTP Server.
[[0;32m  OK  [0m] Started User Manager for UID 1000.
[[0;32m  OK  [0m] Started Snap Daemon.
         Starting Wait until snapd is fully seeded...
[[0;32m  OK  [0m] Started Wait until snapd is fully seeded.
         Starting Apply the settings specified in cloud-config...
[[0;32m  OK  [0m] Started Ubuntu Advantage APT and MOTD Messages.
[[0;32m  OK  [0m] Started Message of the Day.
[[0;32m  OK  [0m] Started MySQL Community Server.
[[0;32m  OK  [0m] Reached target Multi-User System.
[[0;32m  OK  [0m] Reached target Graphical Interface.
         Starting Update UTMP about System Runlevel Changes...
[[0;32m  OK  [0m] Started Update UTMP about System Runlevel Changes.
[   13.910574] cloud-init[1286]: Cloud-init v. 21.2-3-g899bfaa9-0ubuntu2~18.04.1 running 'modules:config' at Mon, 20 Sep 2021 07:35:58 +0000. Up 13.66 seconds.
[[0;32m  OK  [0m] Started Apply the settings specified in cloud-config.
         Starting Execute cloud user/final scripts...
[   15.145331] cloud-init[1428]: Cloud-init v. 21.2-3-g899bfaa9-0ubuntu2~18.04.1 running 'modules:final' at Mon, 20 Sep 2021 07:35:59 +0000. Up 14.87 seconds.
[   15.152791] cloud-init[1428]: Cloud-init v. 21.2-3-g899bfaa9-0ubuntu2~18.04.1 finished at Mon, 20 Sep 2021 07:35:59 +0000. Datasource DataSourceNoCloud [seed=/dev/sdb][dsmode=net].  Up 15.12 seconds
[[0;32m  OK  [0m] Started Execute cloud user/final scripts.
         Starting Daily apt download activities...
[[0;32m  OK  [0m] Reached target Cloud-init target.

Ubuntu 18.04.5 LTS ubuntu-bionic ttyS0

ubuntu-bionic login:          Stopping LSB: automatic crash report generation...
[[0;32m  OK  [0m] Stopped LSB: automatic crash report generation.
         Starting LSB: automatic crash report generation...
[[0;32m  OK  [0m] Started LSB: automatic crash report generation.
[[0;32m  OK  [0m] Started Daily apt upgrade and clean activities.
